AttachmentMacro
PluginInfoMacro
HelpOnInstallation
HelpOnBasicTextFormatting
BlogArchivesMacro
PageListMacro
CategorySoftwareTool
HelpOnHeadlines
FastSearchMacro
FullSearchMacro
CategoryHomepage
HelpOnInstallation/MultipleUser
DeleteThisPage
UploadFileMacro
HelpOnUpdating
HelpForBeginners
PageHitsMacro
BlogCategoriesMacro
EditTextForm
HelpOnUserPreferences
FootNoteMacro
HelpOnActions
HelpOnPageDeletion
FrontPage
HelpOnSpellCheck
HelpOnProcessingInstructions
MoniWikiProcessor
HelpOnVariables
HomepageTemplate
MediaMacro
HelpMiscellaneous
HelpIndex
OekakiMacro
MoniWikiTutorial
AliasPageNames
RecentChanges
WikiSlide
TableOfContentsMacro
HelpOnSubPages/SubPages
BlogChangesMacro
CategoryTemplate
HelpTemplate
HelpContents
FindPage
CommentMacro
VoteMacro
InterMap
UrlMappingMacro
CategoryEmpty
HelpOnAdministration
BlogChanges
IsbnMacro
InterWikiIcons
HelpOnXmlPages
FortuneMacro
FortuneCookies
HelpOnInstallation/SetGid
DrawMacro
DateTimeMacro
MoniWikiPlugins
OrphanedPagesMacro
FortunePlugin
SystemInfo
MoniWikiACL
CategoryCategory
RecentChangesMacro
HelpOnPageCreation
HelpOnCvsInstallation
PatternTemplate
WikiWikiWeb
HelpOnGitInstallation
CategoryMacro
InterMapIcon
PlayMacro
MoniWiki/HotKeys
HelpOnProcessors
TitleIndex
UserPreferences
HelpOnLists/Dev
InlineMacro
CalendarMacro
WikiSandBox
HelpOnFormatting
WordIndex
UploadedFiles
HelpOnSubPages
HelpOnNameSpace
InterWiki
HelpOnLinking
HelpOnConfiguration
DisqusCommentsMacro
HelpOnRules
HelpForDevelopers
IsbnMap
HelpOnTables
HelpOnSmileys
BadContent
NavigationMacro
HelpOnMacros
DynamicMacro
IncludeMacro
MoniWikiOptions
RandomPageMacro
HelpOnLists
HelpOnNavigation
HelpOnInstalling
RandomQuoteMacro
DueDateMacro
HelpOnEditing
TestPage
